// Jest Snapshot v1, https://goo.gl/fbAQLP

exports[`App renders correctly 1`] = `
<DocumentFragment>
  <div
    class="weather-app"
  >
    <h1>
      Search for the weather!
    </h1>
    <div
      class="search-form"
    >
      <label
        for="search"
      >
        <input
          placeholder="Search City"
          type="text"
          value=""
        />
      </label>
      <button
        class="search-button"
        type="submit"
      >
        Search
      </button>
    </div>
    <div
      class="forecast-summaries"
    />
  </div>
</DocumentFragment>
`;
