// Jest Snapshot v1, https://goo.gl/fbAQLP

exports[`Forecast Details renders correctly 1`] = `
<DocumentFragment>
  <div
    class="forecast-details"
  >
    <div
      class="forecast-summary__date"
    >
      Thu Jan 01 1970
    </div>
    <div
      class="forecast-summary__max-temperature"
    >
      Max: 22°C
    </div>
    <div
      class="forecast-summary__min-temperature"
    >
      Min: 12°C
    </div>
    <div
      class="forecast-summary__humidity"
    >
      Humidity: 30
    </div>
    <div
      class="forecast-summary__wind_speed"
    >
      Speed: 13
    </div>
    <div
      class="forecast-summary__wind_direction"
    >
      Direction: s
    </div>
  </div>
</DocumentFragment>
`;
