// Jest Snapshot v1, https://goo.gl/fbAQLP

exports[`Search Form renders correctly 1`] = `
<DocumentFragment>
  <div
    class="search-form"
  >
    <label
      for="search"
    >
      <input
        placeholder="Search City"
        type="text"
        value="LONDON, UK"
      />
    </label>
    <button
      class="search-button"
      type="submit"
    >
      Search
    </button>
  </div>
</DocumentFragment>
`;
